---
source: tests/snapshots_ui.rs
expression: "render(&app, 60, 12)"
---
▼ {3}                         ┌ preview ───────────────────┐
  ▼ meta: {2}                 │[                           │
      version: "1.2"          │  {                         │
      ok: true                │    "id": 0,                │
  ▼ users: [1500]             │    "tags": [               │
    ▶ [0..1023]               │      "x"                   │
    ▶ [1024..1499]            │    ]                       │
    note: null                │  },                        │
                              │  {                         │
                              │…                           │
                              └────────────────────────────┘
.users  array                    JSON  36.4 kB  6,006 values
